
> my-app@0.0.1 build
> vite build

[36mvite v5.4.21 [32mbuilding SSR bundle for production...[36m[39m
[32mÔ£ô[39m 0 modules transformed.
x Build failed in 22ms
error during build:
[vite-plugin-svelte:load-custom] Could not load C:/Users/dawg/Documents/programming/asgASGAR/frontend/src/routes/+layout.svelte: Cannot read properties of undefined (reading 'config')
    at Object.handler (file:///C:/Users/dawg/Documents/programming/asgASGAR/frontend/node_modules/@sveltejs/vite-plugin-svelte/src/plugins/load-custom.js:24:37)
    at Object.handler (file:///C:/Users/dawg/Documents/programming/asgASGAR/frontend/node_modules/vite/dist/node/chunks/dep-BK3b2jBa.js:65934:15)
    at file:///C:/Users/dawg/Documents/programming/asgASGAR/frontend/node_modules/rollup/dist/es/shared/node-entry.js:22451:40
    at async PluginDriver.hookFirstAndGetPlugin (file:///C:/Users/dawg/Documents/programming/asgASGAR/frontend/node_modules/rollup/dist/es/shared/node-entry.js:22333:28)
    at async file:///C:/Users/dawg/Documents/programming/asgASGAR/frontend/node_modules/rollup/dist/es/shared/node-entry.js:21333:33
    at async Queue.work (file:///C:/Users/dawg/Documents/programming/asgASGAR/frontend/node_modules/rollup/dist/es/shared/node-entry.js:22561:32)
